################################################################################
#                                                                              #
#      IAR Universal Linker V6.6.2.104                                         #
#                                                                              #
#           Link time     =  03/Nov/2022  18:15:08                             #
#           Target CPU    =  MSP430                                            #
#           List file     =  "D:\Code Workspaces\IAR Workspaces\Tarea 2\Debug\ #
#                            List\Tarea2.map"                                  #
#           Output file 1 =  "D:\Code Workspaces\IAR Workspaces\Tarea 2\Debug\ #
#                            Exe\Tarea2.d43"                                   #
#                            Format: ubrof10                                   #
#                            UBROF version 10.0.6                              #
#                            Using library modules for C-SPY (-rt)             #
#           Command line  =  -f C:\Users\janng\AppData\Local\Temp\EW7CE0.tmp   #
#                            ("D:\Code Workspaces\IAR Workspaces\Tarea 2\Debug #
#                            \Obj\asm.r43"                                     #
#                            -o                                                #
#                            "D:\Code Workspaces\IAR Workspaces\Tarea 2\Debug\ #
#                            Exe\Tarea2.d43"                                   #
#                            -l                                                #
#                            "D:\Code Workspaces\IAR Workspaces\Tarea 2\Debug\ #
#                            List\Tarea2.map"                                  #
#                            -xms                                              #
#                            "-IC:\Program Files (x86)\IAR Systems\Embedded Wo #
#                            rkbench 8.5\430\LIB\\"                            #
#                            -f                                                #
#                            "C:\Program Files (x86)\IAR Systems\Embedded Work #
#                            bench 8.5\430\config\linker\lnk430fr6989.xcl"     #
#                            (-cmsp430 -QCODE_I=CODE_ID -QTLS16_I=TLS16_ID     #
#                            -D__iar_HWMUL=4C0 -Z(CONST)INFO=1800-19FF         #
#                            -Z(CONST)INFOA=1980-19FF                          #
#                            -Z(CONST)INFOB=1900-197F                          #
#                            -Z(CONST)INFOC=1880-18FF                          #
#                            -Z(CONST)INFOD=1800-187F                          #
#                            -Z(DATA)TINYRAM=0006-001F                         #
#                            -Z(DATA)DATA16_I,DATA16_Z,DATA16_N,TLS16_I=1C00-2 #
#                            3FF                                               #
#                            -Z(DATA)CODE_I                                    #
#                            -Z(DATA)DATA20_I,DATA20_Z,DATA20_N                #
#                            -Z(DATA)CSTACK+_STACK_SIZE#                       #
#                            -Z(CONST)DATA16_P,DATA20_P=4400-FF7F              #
#                            -Z(DATA)DATA16_HEAP+_DATA16_HEAP_SIZE             #
#                            -Z(DATA)DATA20_HEAP+_DATA20_HEAP_SIZE             #
#                            -Z(CONST)MPU_B1 -Z(CONST)IPE_B1=4400-FF7F         #
#                            -Z(DATA)IPEDATA16_N -Z(CODE)IPECODE16             #
#                            -Z(CONST)IPEDATA16_C,IPE_B2 -Z(CONST)MPU_B2       #
#                            -Z(CONST)DATA16_C,DATA16_ID,TLS16_ID,DIFUNCT,CHEC #
#                            KSUM=4400-FF7F                                    #
#                            -Z(CODE)CSTART,ISR_CODE,CODE16=4400-FF7F          #
#                            -P(CODE)CODE=4400-FF7F,10000-23FF7                #
#                            -Z(CODE)CODE_PAD                                  #
#                            -Z(CONST)DATA20_C,DATA20_ID,CODE_ID=4400-FF7F,100 #
#                            40-23FF7                                          #
#                            -Z(CONST)SIGNATURE=FF80-FF8F                      #
#                            -Z(CONST)JTAGSIGNATURE=FF80-FF83                  #
#                            -Z(CONST)BSLSIGNATURE=FF84-FF87                   #
#                            -Z(CONST)IPESIGNATURE=FF88-FF8F                   #
#                            -Z(CODE)INTVEC=FF90-FFFF                          #
#                            -Z(CODE)RESET=FFFE-FFFF) -f                       #
#                            "C:\Program Files (x86)\IAR Systems\Embedded Work #
#                            bench 8.5\430\config\linker\multiplier32.xcl"     #
#                            (-e?Mul8Hw=?Mul8 -e?Mul16Hw=?Mul16                #
#                            -e?Mul16to32uHw=?Mul16to32u                       #
#                            -e?Mul16to32sHw=?Mul16to32s -e?Mul32Hw32=?Mul32   #
#                            -e?Mul64Hw32=_Mul64i                              #
#                            -e?Mul32u32uto64iHw32=_Mul32u32uto64i             #
#                            -e?Mul32fHw32=_Mul32f                             #
#                            -e_Mul64fHw32Ptr=_Mul64fPtr) -D_STACK_SIZE=A0     #
#                            -rt -D_DATA16_HEAP_SIZE=A0                        #
#                            -D_DATA20_HEAP_SIZE=50)                           #
#                                                                              #
#                           Copyright (C) 1987-2019 IAR Systems AB.            #
################################################################################





                ****************************************
                *                                      *
                *           CROSS REFERENCE            *
                *                                      *
                ****************************************

                  There are no program entries.


                ****************************************
                *                                      *
                *    AUTOMATIC SYMBOL REDIRECTIONS     *
                *                                      *
                ****************************************

                  There are no automatic symbol redirections.



                ****************************************
                *                                      *
                *              MODULE MAP              *
                *                                      *
                ****************************************


  DEFINED ABSOLUTE ENTRIES
    *************************************************************************

  DEFINED ABSOLUTE ENTRIES
  PROGRAM MODULE, NAME : ?ABS_ENTRY_MOD

Absolute parts
           ENTRY                   ADDRESS         REF BY
           =====                   =======         ======
           _DATA20_HEAP_SIZE       0050 
           _DATA16_HEAP_SIZE       00A0 
           _STACK_SIZE             00A0 
           __iar_HWMUL             04C0 
    *************************************************************************

  FILE NAME : D:\Code Workspaces\IAR Workspaces\Tarea 2\Debug\Obj\asm.r43
  PROGRAM MODULE, NAME : main

Absolute parts
     1C00 - 1C93
     FFFE - FFFF
           LOCAL                   ADDRESS         
           =====                   =======         
           __MSP430FR5922__        0000 
           S1                      1C00 
           S2                      1C01 
           CharH                   1C02 
           CharL                   1C20 
           digitH                  1C3E 
           digitL                  1C48 
           yesNoH                  1C52 
           yesNoL                  1C54 
           JANN                    1C56 
           VANDIE                  1C5C 
           ISABEL                  1C62 
           RICARD                  1C68 
           inputNumber             1C6E 
           signQuest               1C7A 
           dtbQuest                1C7F 
           digitDis                1C84 
           bitsDis                 1C89 
           errorDis                1C8E 
  SEGMENTS IN THE MODULE
  ======================
CSTACK
  Relative segment, address: 2360, align: 1
  Segment part 0. ROOT 
    -------------------------------------------------------------------------
<CODE> 1 (was CODE)
  Relative segment, address: 4400 - 4945 (0x546 bytes), align: 1
  Segment part 1. ROOT        Intra module refs:   Absolute parts
           ENTRY                   ADDRESS         REF BY
           =====                   =======         ======
           main                    4404 
           LOCAL                   ADDRESS         
           =====                   =======         
           init                    4400 
           UnlockGPIO              440C 
           setupDisplayAndPorts    4410 
           mainLoop                445A 
           reset                   447C 
           startProgram            4494 
           endProgram              4942 
           clearInputNumber        4468 
           clearLoop               446C 
           checkButtonInput        44A4 
           displayCurrentPage      45E2 
           checkS2                 44C2 
           delay                   4930 
           jumpToPerformActionForS1
                                   44E0 
           endButtonCheck          44EA 
           jumpToPerformActionForS2
                                   44E6 
           performActionForS1      44EC 
           performActionForS2      4570 
           performS1ActionForPage0
                                   4522 
           performS1ActionForPage1
                                   4526 
           performS1ActionForPage2
                                   4530 
           performS1ActionForPage3
                                   4534 
           performS1ActionForPage4
                                   4538 
           performS1ActionForPage5
                                   453C 
           performS1ActionForPage6
                                   4548 
           performS1ActionForPage7
                                   4564 
           performS1ActionForPage8
                                   456A 
           endS1Action             456E 
           increaseBinaryDigit     455E 
           performS2ActionForPage0
                                   45A6 
           performS2ActionForPage1
                                   45AA 
           performS2ActionForPage2
                                   45AE 
           performS2ActionForPage3
                                   45B4 
           performS2ActionForPage4
                                   45BE 
           performS2ActionForPage5
                                   45C4 
           performS2ActionForPage6
                                   45CA 
           performS2ActionForPage7
                                   45D6 
           performS2ActionForPage8
                                   45DC 
           endS2Action             45E0 
           displayTitleScreen      4610 
           displayNames            4638 
           displaySignedQuestion   4754 
           displayDecToBinQuestion
                                   479C 
           displayDigitsQuestion   47E2 
           displayBitsQuestion     4830 
           displayNumberInput      487A 
           displayError            48F2 
           displayConversion       492E 
           displayName1            464A 
           displayName2            468C 
           displayName3            46CA 
           displayName4            470E 
           delayStart              493A 
           next                    493C 




                ****************************************
                *                                      *
                *      SEGMENTS IN ADDRESS ORDER       *
                *                                      *
                ****************************************


SEGMENT              SPACE    START ADDRESS   END ADDRESS     SIZE  TYPE  ALIGN
=======              =====    =============   ===========     ====  ====  =====
CSTACK                                 2360 - 23FF              A0   rel    1
<CODE> 1                               4400 - 4945             546   rel    1
                                       1C00 - 1C93              94  aseg  
                                       FFFE - FFFF               2  aseg  

                ****************************************
                *                                      *
                *        END OF CROSS REFERENCE        *
                *                                      *
                ****************************************

 1 350 bytes of CODE memory (+ 150 absolute )
   160 bytes of DATA memory

Errors: none
Warnings: none

