################################################################################
#                                                                              #
#      IAR Universal Linker V6.6.2.104                                         #
#                                                                              #
#           Link time     =  03/Nov/2022  13:37:07                             #
#           Target CPU    =  MSP430                                            #
#           List file     =  "D:\Code Workspaces\IAR Workspaces\Tarea 2\Debug\ #
#                            List\Tarea2.map"                                  #
#           Output file 1 =  "D:\Code Workspaces\IAR Workspaces\Tarea 2\Debug\ #
#                            Exe\Tarea2.d43"                                   #
#                            Format: ubrof10                                   #
#                            UBROF version 10.0.6                              #
#                            Using library modules for C-SPY (-rt)             #
#           Command line  =  -f C:\Users\janng\AppData\Local\Temp\EWF471.tmp   #
#                            ("D:\Code Workspaces\IAR Workspaces\Tarea 2\Debug #
#                            \Obj\asm.r43"                                     #
#                            -o                                                #
#                            "D:\Code Workspaces\IAR Workspaces\Tarea 2\Debug\ #
#                            Exe\Tarea2.d43"                                   #
#                            -l                                                #
#                            "D:\Code Workspaces\IAR Workspaces\Tarea 2\Debug\ #
#                            List\Tarea2.map"                                  #
#                            -xms                                              #
#                            "-IC:\Program Files (x86)\IAR Systems\Embedded Wo #
#                            rkbench 8.5\430\LIB\\"                            #
#                            -f                                                #
#                            "C:\Program Files (x86)\IAR Systems\Embedded Work #
#                            bench 8.5\430\config\linker\lnk430fr6989.xcl"     #
#                            (-cmsp430 -QCODE_I=CODE_ID -QTLS16_I=TLS16_ID     #
#                            -D__iar_HWMUL=4C0 -Z(CONST)INFO=1800-19FF         #
#                            -Z(CONST)INFOA=1980-19FF                          #
#                            -Z(CONST)INFOB=1900-197F                          #
#                            -Z(CONST)INFOC=1880-18FF                          #
#                            -Z(CONST)INFOD=1800-187F                          #
#                            -Z(DATA)TINYRAM=0006-001F                         #
#                            -Z(DATA)DATA16_I,DATA16_Z,DATA16_N,TLS16_I=1C00-2 #
#                            3FF                                               #
#                            -Z(DATA)CODE_I                                    #
#                            -Z(DATA)DATA20_I,DATA20_Z,DATA20_N                #
#                            -Z(DATA)CSTACK+_STACK_SIZE#                       #
#                            -Z(CONST)DATA16_P,DATA20_P=4400-FF7F              #
#                            -Z(DATA)DATA16_HEAP+_DATA16_HEAP_SIZE             #
#                            -Z(DATA)DATA20_HEAP+_DATA20_HEAP_SIZE             #
#                            -Z(CONST)MPU_B1 -Z(CONST)IPE_B1=4400-FF7F         #
#                            -Z(DATA)IPEDATA16_N -Z(CODE)IPECODE16             #
#                            -Z(CONST)IPEDATA16_C,IPE_B2 -Z(CONST)MPU_B2       #
#                            -Z(CONST)DATA16_C,DATA16_ID,TLS16_ID,DIFUNCT,CHEC #
#                            KSUM=4400-FF7F                                    #
#                            -Z(CODE)CSTART,ISR_CODE,CODE16=4400-FF7F          #
#                            -P(CODE)CODE=4400-FF7F,10000-23FF7                #
#                            -Z(CODE)CODE_PAD                                  #
#                            -Z(CONST)DATA20_C,DATA20_ID,CODE_ID=4400-FF7F,100 #
#                            40-23FF7                                          #
#                            -Z(CONST)SIGNATURE=FF80-FF8F                      #
#                            -Z(CONST)JTAGSIGNATURE=FF80-FF83                  #
#                            -Z(CONST)BSLSIGNATURE=FF84-FF87                   #
#                            -Z(CONST)IPESIGNATURE=FF88-FF8F                   #
#                            -Z(CODE)INTVEC=FF90-FFFF                          #
#                            -Z(CODE)RESET=FFFE-FFFF) -f                       #
#                            "C:\Program Files (x86)\IAR Systems\Embedded Work #
#                            bench 8.5\430\config\linker\multiplier32.xcl"     #
#                            (-e?Mul8Hw=?Mul8 -e?Mul16Hw=?Mul16                #
#                            -e?Mul16to32uHw=?Mul16to32u                       #
#                            -e?Mul16to32sHw=?Mul16to32s -e?Mul32Hw32=?Mul32   #
#                            -e?Mul64Hw32=_Mul64i                              #
#                            -e?Mul32u32uto64iHw32=_Mul32u32uto64i             #
#                            -e?Mul32fHw32=_Mul32f                             #
#                            -e_Mul64fHw32Ptr=_Mul64fPtr) -D_STACK_SIZE=A0     #
#                            -rt -D_DATA16_HEAP_SIZE=A0                        #
#                            -D_DATA20_HEAP_SIZE=50)                           #
#                                                                              #
#                           Copyright (C) 1987-2019 IAR Systems AB.            #
################################################################################





                ****************************************
                *                                      *
                *           CROSS REFERENCE            *
                *                                      *
                ****************************************

                  There are no program entries.


                ****************************************
                *                                      *
                *    AUTOMATIC SYMBOL REDIRECTIONS     *
                *                                      *
                ****************************************

                  There are no automatic symbol redirections.



                ****************************************
                *                                      *
                *              MODULE MAP              *
                *                                      *
                ****************************************


  DEFINED ABSOLUTE ENTRIES
    *************************************************************************

  DEFINED ABSOLUTE ENTRIES
  PROGRAM MODULE, NAME : ?ABS_ENTRY_MOD

Absolute parts
           ENTRY                   ADDRESS         REF BY
           =====                   =======         ======
           _DATA20_HEAP_SIZE       0050 
           _DATA16_HEAP_SIZE       00A0 
           _STACK_SIZE             00A0 
           __iar_HWMUL             04C0 
    *************************************************************************

  FILE NAME : D:\Code Workspaces\IAR Workspaces\Tarea 2\Debug\Obj\asm.r43
  PROGRAM MODULE, NAME : main

Absolute parts
     FFFE - FFFF
           LOCAL                   ADDRESS         
           =====                   =======         
           __MSP430FR5922__        0000 
  SEGMENTS IN THE MODULE
  ======================
CSTACK
  Relative segment, address: 2360, align: 1
  Segment part 0. ROOT 
    -------------------------------------------------------------------------
<CODE> 1 (was CODE)
  Relative segment, address: 4400 - 64A7 (0x20a8 bytes), align: 1
  Segment part 1. ROOT        Intra module refs:   Absolute parts
           ENTRY                   ADDRESS         REF BY
           =====                   =======         ======
           main                    6020 
           LOCAL                   ADDRESS         
           =====                   =======         
           init                    601C 
           digitH                  6000 
           digitL                  600A 
           yesNoH                  6014 
           yesNoL                  6016 
           SorUH                   6018 
           SorU_L                  601A 
           UnlockGPIO              6028 
           setupDisplayAndPorts    602C 
           mainLoop                6076 
           reset                   6084 
           startProgram            6096 
           endProgram              64A4 
           checkButtonInput        60A6 
           displayCurrentPage      61C6 
           checkS2                 60C4 
           delay                   6492 
           jumpToPerformActionForS1
                                   60E2 
           endButtonCheck          60EC 
           jumpToPerformActionForS2
                                   60E8 
           performActionForS1      60EE 
           performActionForS2      615C 
           performS1ActionForPage0
                                   6124 
           performS1ActionForPage1
                                   6128 
           performS1ActionForPage2
                                   6132 
           performS1ActionForPage3
                                   6136 
           performS1ActionForPage4
                                   613A 
           performS1ActionForPage5
                                   613E 
           performS1ActionForPage6
                                   614C 
           performS1ActionForPage7
                                   6150 
           performS1ActionForPage8
                                   6156 
           endS1Action             615A 
           performS2ActionForPage0
                                   6192 
           performS2ActionForPage1
                                   6196 
           performS2ActionForPage2
                                   619A 
           performS2ActionForPage3
                                   61A0 
           performS2ActionForPage4
                                   61AA 
           performS2ActionForPage5
                                   61B0 
           performS2ActionForPage6
                                   61B6 
           performS2ActionForPage7
                                   61BA 
           performS2ActionForPage8
                                   61C0 
           endS2Action             61C4 
           displayTitleScreen      61F4 
           displayNames            621C 
           displaySignedQuestion   6344 
           displayDecToBinQuestion
                                   6390 
           displayDigitsQuestion   63DA 
           displayBitsQuestion     6416 
           displayNumberInput      6454 
           displayError            6454 
           displayConversion       6490 
           displayName1            622E 
           displayName2            6270 
           displayName3            62AE 
           displayName4            62F2 
           displayY                6338 
           delayStart              649C 
           next                    649E 




                ****************************************
                *                                      *
                *      SEGMENTS IN ADDRESS ORDER       *
                *                                      *
                ****************************************


SEGMENT              SPACE    START ADDRESS   END ADDRESS     SIZE  TYPE  ALIGN
=======              =====    =============   ===========     ====  ====  =====
CSTACK                                 2360 - 23FF              A0   rel    1
<CODE> 1                               4400 - 64A7            20A8   rel    1
                                       FFFE - FFFF               2  aseg  

                ****************************************
                *                                      *
                *        END OF CROSS REFERENCE        *
                *                                      *
                ****************************************

 8 360 bytes of CODE memory (+ 2 absolute )
   160 bytes of DATA memory

Errors: none
Warnings: none

