################################################################################
#                                                                              #
#      IAR Universal Linker V6.6.2.104                                         #
#                                                                              #
#           Link time     =  08/Nov/2022  18:16:21                             #
#           Target CPU    =  MSP430                                            #
#           List file     =  "D:\Code Workspaces\IAR Workspaces\Tarea 2\Debug\ #
#                            List\Tarea2.map"                                  #
#           Output file 1 =  "D:\Code Workspaces\IAR Workspaces\Tarea 2\Debug\ #
#                            Exe\Tarea2.d43"                                   #
#                            Format: ubrof10                                   #
#                            UBROF version 10.0.6                              #
#                            Using library modules for C-SPY (-rt)             #
#           Command line  =  -f C:\Users\janng\AppData\Local\Temp\EWBA38.tmp   #
#                            ("D:\Code Workspaces\IAR Workspaces\Tarea 2\Debug #
#                            \Obj\asm.r43"                                     #
#                            -o                                                #
#                            "D:\Code Workspaces\IAR Workspaces\Tarea 2\Debug\ #
#                            Exe\Tarea2.d43"                                   #
#                            -l                                                #
#                            "D:\Code Workspaces\IAR Workspaces\Tarea 2\Debug\ #
#                            List\Tarea2.map"                                  #
#                            -xms                                              #
#                            "-IC:\Program Files (x86)\IAR Systems\Embedded Wo #
#                            rkbench 8.5\430\LIB\\"                            #
#                            -f                                                #
#                            "C:\Program Files (x86)\IAR Systems\Embedded Work #
#                            bench 8.5\430\config\linker\lnk430fr6989.xcl"     #
#                            (-cmsp430 -QCODE_I=CODE_ID -QTLS16_I=TLS16_ID     #
#                            -D__iar_HWMUL=4C0 -Z(CONST)INFO=1800-19FF         #
#                            -Z(CONST)INFOA=1980-19FF                          #
#                            -Z(CONST)INFOB=1900-197F                          #
#                            -Z(CONST)INFOC=1880-18FF                          #
#                            -Z(CONST)INFOD=1800-187F                          #
#                            -Z(DATA)TINYRAM=0006-001F                         #
#                            -Z(DATA)DATA16_I,DATA16_Z,DATA16_N,TLS16_I=1C00-2 #
#                            3FF                                               #
#                            -Z(DATA)CODE_I                                    #
#                            -Z(DATA)DATA20_I,DATA20_Z,DATA20_N                #
#                            -Z(DATA)CSTACK+_STACK_SIZE#                       #
#                            -Z(CONST)DATA16_P,DATA20_P=4400-FF7F              #
#                            -Z(DATA)DATA16_HEAP+_DATA16_HEAP_SIZE             #
#                            -Z(DATA)DATA20_HEAP+_DATA20_HEAP_SIZE             #
#                            -Z(CONST)MPU_B1 -Z(CONST)IPE_B1=4400-FF7F         #
#                            -Z(DATA)IPEDATA16_N -Z(CODE)IPECODE16             #
#                            -Z(CONST)IPEDATA16_C,IPE_B2 -Z(CONST)MPU_B2       #
#                            -Z(CONST)DATA16_C,DATA16_ID,TLS16_ID,DIFUNCT,CHEC #
#                            KSUM=4400-FF7F                                    #
#                            -Z(CODE)CSTART,ISR_CODE,CODE16=4400-FF7F          #
#                            -P(CODE)CODE=4400-FF7F,10000-23FF7                #
#                            -Z(CODE)CODE_PAD                                  #
#                            -Z(CONST)DATA20_C,DATA20_ID,CODE_ID=4400-FF7F,100 #
#                            40-23FF7                                          #
#                            -Z(CONST)SIGNATURE=FF80-FF8F                      #
#                            -Z(CONST)JTAGSIGNATURE=FF80-FF83                  #
#                            -Z(CONST)BSLSIGNATURE=FF84-FF87                   #
#                            -Z(CONST)IPESIGNATURE=FF88-FF8F                   #
#                            -Z(CODE)INTVEC=FF90-FFFF                          #
#                            -Z(CODE)RESET=FFFE-FFFF) -f                       #
#                            "C:\Program Files (x86)\IAR Systems\Embedded Work #
#                            bench 8.5\430\config\linker\multiplier32.xcl"     #
#                            (-e?Mul8Hw=?Mul8 -e?Mul16Hw=?Mul16                #
#                            -e?Mul16to32uHw=?Mul16to32u                       #
#                            -e?Mul16to32sHw=?Mul16to32s -e?Mul32Hw32=?Mul32   #
#                            -e?Mul64Hw32=_Mul64i                              #
#                            -e?Mul32u32uto64iHw32=_Mul32u32uto64i             #
#                            -e?Mul32fHw32=_Mul32f                             #
#                            -e_Mul64fHw32Ptr=_Mul64fPtr) -D_STACK_SIZE=A0     #
#                            -rt -D_DATA16_HEAP_SIZE=A0                        #
#                            -D_DATA20_HEAP_SIZE=50)                           #
#                                                                              #
#                           Copyright (C) 1987-2019 IAR Systems AB.            #
################################################################################





                ****************************************
                *                                      *
                *           CROSS REFERENCE            *
                *                                      *
                ****************************************

                  There are no program entries.


                ****************************************
                *                                      *
                *    AUTOMATIC SYMBOL REDIRECTIONS     *
                *                                      *
                ****************************************

                  There are no automatic symbol redirections.



                ****************************************
                *                                      *
                *              MODULE MAP              *
                *                                      *
                ****************************************


  DEFINED ABSOLUTE ENTRIES
    *************************************************************************

  DEFINED ABSOLUTE ENTRIES
  PROGRAM MODULE, NAME : ?ABS_ENTRY_MOD

Absolute parts
           ENTRY                   ADDRESS         REF BY
           =====                   =======         ======
           _DATA20_HEAP_SIZE       0050 
           _DATA16_HEAP_SIZE       00A0 
           _STACK_SIZE             00A0 
           __iar_HWMUL             04C0 
    *************************************************************************

  FILE NAME : D:\Code Workspaces\IAR Workspaces\Tarea 2\Debug\Obj\asm.r43
  PROGRAM MODULE, NAME : main

Absolute parts
     1C00 - 1C89
     FFFE - FFFF
           LOCAL                   ADDRESS         
           =====                   =======         
           __MSP430FR5922__        0000 
           S1                      1C00 
           S2                      1C01 
           CharH                   1C02 
           CharL                   1C20 
           digitH                  1C3E 
           digitL                  1C48 
           yesNoH                  1C52 
           yesNoL                  1C54 
           posOrNegH               1C56 
           posOrNegL               1C58 
           names0                  1C5A 
           names1                  1C5E 
           names2                  1C62 
           names3                  1C66 
           names4                  1C6A 
           names5                  1C6E 
           wholeNumDecimal         1C72 
           inputNumber             1C7E 
  SEGMENTS IN THE MODULE
  ======================
CSTACK
  Relative segment, address: 2360, align: 1
  Segment part 0. ROOT 
    -------------------------------------------------------------------------
<CODE> 1 (was CODE)
  Relative segment, address: 4400 - 49BD (0x5be bytes), align: 1
  Segment part 1. ROOT        Intra module refs:   Absolute parts
           ENTRY                   ADDRESS         REF BY
           =====                   =======         ======
           main                    4404 
           LOCAL                   ADDRESS         
           =====                   =======         
           init                    4400 
           UnlockGPIO              440C 
           setupDisplayAndPorts    4410 
           mainLoop                445A 
           reset                   447C 
           startProgram            4498 
           endProgram              49BA 
           clearInputNumber        4468 
           clearLoop               446C 
           checkButtonInput        44A8 
           displayCurrentPage      46DA 
           checkS2                 44CA 
           delay                   49A8 
           jumpToPerformActionForS1
                                   44EC 
           endButtonCheck          44F6 
           jumpToPerformActionForS2
                                   44F2 
           performActionForS1      44F8 
           performActionForS2      4584 
           performS1ActionForPage0
                                   452E 
           performS1ActionForPage1
                                   4532 
           performS1ActionForPage2
                                   453C 
           performS1ActionForPage3
                                   4540 
           performS1ActionForPage4
                                   4544 
           performS1ActionForPage5
                                   4548 
           performS1ActionForPage6
                                   4554 
           performS1ActionForPage7
                                   4578 
           performS1ActionForPage8
                                   457E 
           endS1Action             4582 
           toggleDigitAtR10        4572 
           checkIfFirstNumber      456E 
           increaseDecimalDigit    455C 
           performS2ActionForPage7
                                   4606 
           performS2ActionForPage0
                                   45BA 
           performS2ActionForPage1
                                   45BA 
           performS2ActionForPage2
                                   45BE 
           performS2ActionForPage3
                                   45C4 
           performS2ActionForPage4
                                   45D6 
           performS2ActionForPage5
                                   45D6 
           performS2ActionForPage6
                                   45DC 
           performS2ActionForPage8
                                   460C 
           endS2Action             4610 
           configureDecimalInput   45CE 
           readUserInput           4612 
           redirectToErrorPage     45F6 
           setCorrectIndex         4602 
           checkWholeDigitAmount   4616 
           modifyMultiplicationArray
                                   464A 
           readDecimalInput        467A 
           readWholeNumbers        4688 
           readFractionalNumbers   4692 
           readLoop                46BA 
           setIndexTo6             46B0 
           moveRight               46B6 
           endAction               46D4 
           displayTitleScreen      4708 
           displayNames            4730 
           displaySignedQuestion   4796 
           displayDecToBinQuestion
                                   47DE 
           displayDigitsQuestion   4824 
           displayBitsQuestion     4872 
           displayNumberInput      48BC 
           displayError            496A 
           displayConversion       49A6 
           decimalConfiguration    48E2 
           displayOtherDigits      48F6 
           displayNothingForDigit0
                                   48D8 
           displaySignedNumber     48E2 
           endDigitsDisplay        4964 
           displayPointAtAddress26
                                   495C 
           delayStart              49B2 
           next                    49B4 




                ****************************************
                *                                      *
                *      SEGMENTS IN ADDRESS ORDER       *
                *                                      *
                ****************************************


SEGMENT              SPACE    START ADDRESS   END ADDRESS     SIZE  TYPE  ALIGN
=======              =====    =============   ===========     ====  ====  =====
CSTACK                                 2360 - 23FF              A0   rel    1
<CODE> 1                               4400 - 49BD             5BE   rel    1
                                       1C00 - 1C89              8A  aseg  
                                       FFFE - FFFF               2  aseg  

                ****************************************
                *                                      *
                *        END OF CROSS REFERENCE        *
                *                                      *
                ****************************************

 1 470 bytes of CODE memory (+ 140 absolute )
   160 bytes of DATA memory

Errors: none
Warnings: none

